I'm sorry, but errors were detected in your script. Please correct the
errors listed below, and try again.


File "game/script.rpy", line 3: expected 'word' not found.
    define = Character('Jamin', color='#C92C6D')
           ^

Ren'Py Version: Ren'Py 8.0.1.0
Sun Feb 26 19:34:16 2023
